`{
  "Model": "gpt-4-turbo",
  "InternalSystemPrompt": false,
  "Tools": null,
  "Messages": [
    {
      "role": "system",
      "content": [
        {
          "text": "This is a chatbot"
        }
      ]
    },
    {
      "role": "user",
      "content": [
        {
          "text": "Hello"
        }
      ]
    }
  ],
  "MaxTokens": 0,
  "Temperature": null,
  "JSONResponse": false,
  "Grammar": "",
  "Cache": null
}`
