`{
  "done": true,
  "content": "And we're done",
  "toolID": "",
  "state": null
}`
