`{
  "Model": "gpt-4o",
  "InternalSystemPrompt": null,
  "Tools": [
    {
      "function": {
        "toolID": "testdata/TestToolAs/test.gpt:infile",
        "name": "local",
        "parameters": {
          "properties": {
            "defaultPromptParameter": {
              "description": "Prompt to send to the tool or assistant. This may be instructions or question.",
              "type": "string"
            }
          },
          "required": [
            "defaultPromptParameter"
          ],
          "type": "object"
        }
      }
    },
    {
      "function": {
        "toolID": "testdata/TestToolAs/other.gpt:",
        "name": "remote",
        "parameters": {
          "properties": {
            "defaultPromptParameter": {
              "description": "Prompt to send to the tool or assistant. This may be instructions or question.",
              "type": "string"
            }
          },
          "required": [
            "defaultPromptParameter"
          ],
          "type": "object"
        }
      }
    }
  ],
  "Messages": [
    {
      "role": "system",
      "content": [
        {
          "text": "A tool"
        }
      ],
      "usage": {}
    },
    {
      "role": "user",
      "content": [
        {
          "text": "{}"
        }
      ],
      "usage": {}
    }
  ],
  "MaxTokens": 0,
  "Temperature": null,
  "JSONResponse": false,
  "Grammar": "",
  "Cache": null
}`
