`{
  "role": "assistant",
  "content": [
    {
      "text": "Response 1"
    }
  ],
  "usage": {}
}`
