`{
  "done": true,
  "content": "CHAT FINISH: CHAT: true CONTENT: Chat Done CONTINUATION: false FINISH: true suffix\n",
  "toolID": "",
  "state": null
}`
