`{
  "role": "assistant",
  "content": [
    {
      "toolCall": {
        "index": 0,
        "id": "call_1",
        "function": {
          "name": "agent2",
          "arguments": "Agent 2 input"
        }
      }
    }
  ],
  "usage": {}
}`
