`{
  "model": "gpt-4o",
  "tools": [
    {
      "function": {
        "toolID": "testdata/TestExport/parent.gpt:frommain",
        "name": "frommain",
        "parameters": {
          "properties": {
            "prompt": {
              "description": "Prompt to send to the tool. This may be an instruction or question.",
              "type": "string"
            }
          },
          "type": "object"
        }
      }
    },
    {
      "function": {
        "toolID": "testdata/TestExport/parent.gpt:parent-local",
        "name": "parentLocal",
        "parameters": {
          "properties": {
            "prompt": {
              "description": "Prompt to send to the tool. This may be an instruction or question.",
              "type": "string"
            }
          },
          "type": "object"
        }
      }
    },
    {
      "function": {
        "toolID": "testdata/TestExport/sub/child.gpt:transient",
        "name": "transient",
        "parameters": {
          "properties": {
            "prompt": {
              "description": "Prompt to send to the tool. This may be an instruction or question.",
              "type": "string"
            }
          },
          "type": "object"
        }
      }
    }
  ],
  "messages": [
    {
      "role": "system",
      "content": [
        {
          "text": "the default"
        }
      ],
      "usage": {}
    }
  ]
}`
