"I am ready to process your input. Please provide the instructions or input for me to process."
