"chore: Refactor CLI implementation for GPTScript and renamed runner package to monitor"
