"The table with the most amount of rows in the Chinook database is `PlaylistTrack` with 8,715 rows."
