`{
  "Model": "gpt-4-turbo",
  "InternalSystemPrompt": false,
  "Tools": null,
  "Messages": [
    {
      "role": "system",
      "content": [
        {
          "text": "Assistant Response 2 - from context tool\nHello"
        }
      ],
      "usage": {}
    },
    {
      "role": "user",
      "content": [
        {
          "text": "User 1"
        }
      ],
      "usage": {}
    }
  ],
  "MaxTokens": 0,
  "Temperature": null,
  "JSONResponse": false,
  "Grammar": "",
  "Cache": null
}`
